// Vitest Snapshot v1, https://vitest.dev/guide/snapshot.html

exports[`<AddProject> > should render component 1`] = `
<DocumentFragment>
  <div
    class="p-8 bg-indigo-950"
  >
    <h1
      class="text-6xl font-medium mb-4 text-white"
    >
      Add Project
    </h1>
    <form>
      <div
        class="flex flex-col mb-4"
      >
        <label
          class="text-white mb-2"
        >
          Project Name
        </label>
        <input
          class="bg-white rounded-lg px-4 py-2"
          type="text"
          value=""
        />
      </div>
      <div
        class="flex flex-col mb-4"
      >
        <label
          class="text-white mb-2"
        >
          Project Description
        </label>
        <textarea
          class="bg-white rounded-lg px-4 py-2"
        />
      </div>
      <div
        class="flex flex-col mb-4"
      >
        <label
          class="text-white mb-2"
        >
          Project Images
        </label>
        <input
          accept="image/*"
          class="mb-2"
          multiple=""
          type="file"
        />
      </div>
      <div
        class="mb-4 flex flex-wrap justify-center"
      />
      <button
        class="bg-blue-700 hover:bg-blue-800 text-white font-medium rounded-lg text-sm px-5 py-2.5 focus:outline-none"
      >
        Add Project
      </button>
    </form>
  </div>
</DocumentFragment>
`;
