// Vitest Snapshot v1, https://vitest.dev/guide/snapshot.html

exports[`<AdminPanel> > should render component 1`] = `
<DocumentFragment>
  <div
    class="flex h-screen"
  >
    <div
      class="bg-gray-800 w-64 p-4 text-white"
    >
      <h2
        class="text-2xl font-bold mb-4"
      >
        Admin Panel
      </h2>
      <ul
        class="space-y-4"
      >
        <li>
          <div>
            Link
          </div>
        </li>
        <li>
          <div>
            Link
          </div>
        </li>
        <li>
          <div>
            Link
          </div>
        </li>
        <li>
          <div>
            Link
          </div>
        </li>
        <li>
          <div>
            Link
          </div>
        </li>
      </ul>
    </div>
    <div
      class="flex-1 p-4 overflow-y-auto"
    >
      <h2
        class="text-2xl font-bold mb-4"
      >
        Order Details
      </h2>
      <div
        class="overflow-x-auto"
      >
        <table
          class="table-auto w-full"
        >
          <thead>
            <tr
              class="bg-gray-200 text-gray-800"
            >
              <th
                class="px-4 py-2"
              >
                No
              </th>
              <th
                class="px-4 py-2"
              >
                Customer Name
              </th>
              <th
                class="px-4 py-2"
              >
                Phone
              </th>
              <th
                class="px-4 py-2"
              >
                Email
              </th>
              <th
                class="px-4 py-2"
              >
                Address
              </th>
              <th
                class="px-4 py-2"
              >
                Product Name
              </th>
              <th
                class="px-4 py-2"
              >
                Quantity
              </th>
              <th
                class="px-4 py-2"
              >
                Status
              </th>
              <th
                class="px-4 py-2"
              >
                Actions
              </th>
            </tr>
          </thead>
          <tbody />
        </table>
      </div>
    </div>
  </div>
</DocumentFragment>
`;
