// Vitest Snapshot v1, https://vitest.dev/guide/snapshot.html

exports[`<EditPastProject> > should render component 1`] = `
<DocumentFragment>
  <div
    class="p-8 bg-indigo-950"
  >
    <h1
      class="text-4xl font-medium mb-8 text-white flex justify-center"
    >
      Edit Past Project
    </h1>
    <form>
      <div
        class="mb-4 flex flex-col justify-center md:flex-row"
      >
        <label
          class="block text-white text-m font-bold mb-2 md:mb-0 md:w-1/4"
        >
          Project Name
        </label>
        <input
          class="shadow appearance-none border rounded w-full max-w-sm py-2 px-3 text-gray-700 leading-tight focus:outline-none focus:shadow-outline md:w-3/4"
          name="name"
          placeholder="Enter project name"
          type="text"
          value=""
        />
      </div>
      <div
        class="mb-4 flex flex-col justify-center md:flex-row"
      >
        <label
          class="block text-white text-m font-bold mb-2 md:mb-0 md:w-1/4"
        >
          Project Description
        </label>
        <textarea
          class="shadow appearance-none border rounded w-full max-w-sm py-2 px-3 text-gray-700 leading-tight focus:outline-none focus:shadow-outline md:w-3/4"
          cols="50"
          name="description"
          placeholder="Enter project description"
          rows="8"
        />
      </div>
      <div
        class="mb-4 flex flex-col justify-center md:flex-row"
      >
        <label
          class="block text-white text-m font-bold mb-2 md:mb-0 md:w-1/4"
        >
          Project Images
        </label>
        <input
          accept="image/*"
          class="py-2 px-3 w-full max-w-sm text-gray-700 leading-tight focus:outline-none focus:shadow-outline md:w-3/4"
          multiple=""
          name="images"
          type="file"
        />
      </div>
      <div
        class="mb-4 flex flex-wrap justify-center"
      />
      <div
        class="my-8 flex justify-center"
      >
        <button
          class="bg-cyan-300 hover:bg-blue-700 text-white font-bold py-2 px-4 rounded"
          type="submit"
        >
          Update Project
        </button>
      </div>
    </form>
  </div>
</DocumentFragment>
`;
