// Vitest Snapshot v1, https://vitest.dev/guide/snapshot.html

exports[`<EditProduct> > should render component 1`] = `
<DocumentFragment>
  <div
    class="p-8 bg-indigo-950"
  >
    <h1
      class="text-4xl font-medium mb-8 text-white flex justify-center"
    >
      Edit Product
    </h1>
    <form>
      <div
        class="mb-4 flex flex-col justify-center md:flex-row"
      >
        <label
          class="block text-white text-m font-bold mb-2 md:mb-0 md:w-1/4"
        >
          Product Name
        </label>
        <input
          class="shadow appearance-none border rounded w-full max-w-sm py-2 px-3 text-gray-700 leading-tight focus:outline-none focus:shadow-outline md:w-3/4"
          name="name"
          type="text"
          value=""
        />
      </div>
      <div
        class="mb-4 flex flex-col justify-center md:flex-row"
      >
        <label
          class="block text-white text-m font-bold mb-2 md:mb-0 md:w-1/4"
        >
          Quantity
        </label>
        <input
          class="shadow appearance-none border rounded w-full max-w-sm py-2 px-3 text-gray-700 leading-tight focus:outline-none focus:shadow-outline md:w-3/4"
          name="quantity"
          type="text"
          value=""
        />
      </div>
      <div
        class="mb-4 flex flex-col justify-center md:flex-row"
      >
        <label
          class="block text-white text-m font-bold mb-2 md:mb-0 md:w-1/4"
        >
          Discount
        </label>
        <input
          class="shadow appearance-none border rounded w-full max-w-sm py-2 px-3 text-gray-700 leading-tight focus:outline-none focus:shadow-outline md:w-3/4"
          name="discount"
          type="text"
          value=""
        />
      </div>
      <div
        class="mb-4 flex flex-col justify-center md:flex-row"
      >
        <label
          class="block text-white text-m font-bold mb-2 md:mb-0 md:w-1/4"
        >
          Price
        </label>
        <input
          class="shadow appearance-none border rounded w-full max-w-sm py-2 px-3 text-gray-700 leading-tight focus:outline-none focus:shadow-outline md:w-3/4"
          name="price"
          type="text"
          value=""
        />
      </div>
      <div
        class="mb-4 flex flex-col justify-center md:flex-row"
      >
        <label
          class="block text-white text-m font-bold mb-2 md:mb-0 md:w-1/4"
        >
          Brand
        </label>
        <input
          class="shadow appearance-none border rounded w-full max-w-sm py-2 px-3 text-gray-700 leading-tight focus:outline-none focus:shadow-outline md:w-3/4"
          name="brand"
          type="text"
          value=""
        />
      </div>
      <div
        class="mb-4 flex flex-col justify-center md:flex-row"
      >
        <label
          class="block text-white text-m font-bold mb-2 md:mb-0 md:w-1/4"
        >
          Price
        </label>
        <input
          class="shadow appearance-none border rounded w-full max-w-sm py-2 px-3 text-gray-700 leading-tight focus:outline-none focus:shadow-outline md:w-3/4"
          name="category"
          type="text"
          value=""
        />
      </div>
      <div
        class="mb-4 flex flex-col justify-center md:flex-row"
      >
        <label
          class="block text-white text-m font-bold mb-2 md:mb-0 md:w-1/4"
        >
          Product Image
        </label>
        <input
          accept="image/*"
          class="py-2 px-3 w-full max-w-sm text-gray-700 leading-tight focus:outline-none focus:shadow-outline md:w-3/4"
          name="productImage"
          type="file"
        />
      </div>
      <div
        class="my-8 flex justify-center"
      >
        <button
          class="bg-cyan-300 hover:bg-blue-700 text-white font-bold py-2 px-4 rounded"
        >
          Update Product
        </button>
      </div>
    </form>
  </div>
</DocumentFragment>
`;
